["Main.CAF (<entire-module>)","Main.main (Main.hs:(11,1)-(16,16))"]
["Main.CAF (<entire-module>)","Main.main (Main.hs:(11,1)-(16,16))"]
6
["Main.CAF (<entire-module>)","Main.main (Main.hs:(11,1)-(16,16))"]
["Main.CAF (<entire-module>)","Main.main (Main.hs:(11,1)-(16,16))","Main.forceIt (Main.hs:(5,1)-(9,31))"]
["Main.CAF (<entire-module>)","Main.main (Main.hs:(11,1)-(16,16))","Main.forceIt (Main.hs:(5,1)-(9,31))"]
