["Main.CAF (<entire-module>)","Main.main (stacktrace.hs:(29,1)-(37,36))"]
[]
[]
["MAIN.DONT_CARE (<built-in>)"]
["Main.CAF (<entire-module>)","Main.main (stacktrace.hs:(29,1)-(37,36))"]
["Main.CAF (<entire-module>)","Main.main (stacktrace.hs:(29,1)-(37,36))","Main.someF (stacktrace.hs:19:1-35)","Main.replicateM (stacktrace.hs:22:1-41)"]
["MAIN.DONT_CARE (<built-in>)"]
