["Main.main (Main.hs:(28,1)-(40,30))","Main.main1 (Main.hs:(12,1)-(14,16))","Main.f1 (Main.hs:7:1-18)"]
["Main.main (Main.hs:(28,1)-(40,30))","Main.main2 (Main.hs:(19,1)-(21,16))","Main.someF (Main.hs:17:1-35)"]
